<?xml version="1.0" encoding="utf-8"?><testsuites name="pytest tests"><testsuite name="pytest" errors="0" failures="0" skipped="0" tests="2" time="0.302" timestamp="2025-11-11T20:11:12.986061+01:00" hostname="Enojo.local"><testcase classname="test_app" name="test_home" time="0.007" /><testcase classname="test_app" name="test_health" time="0.052" /></testsuite></testsuites>